cargo :     Checking 
mofa-monitoring v0.1.0 
(C:\Users\Aditya RS\mofa\c
rates\mofa-monitoring)
At line:1 char:1
+ cargo check --workspace 
> build_errors.txt 2>&1
+ ~~~~~~~~~~~~~~~~~~~~~~~~
~~~~~~~~~~~~~~~~~~~~~~~
    + CategoryInfo        
      : NotSpecified: (   
     Checking mo...ofa-   
 monitoring):String) [    
], RemoteException
    + FullyQualifiedError 
   Id : NativeCommandErr  
  or
 
    Checking mofa-gateway 
v0.1.0 (C:\Users\Aditya RS
\mofa\crates\mofa-gateway)
    Checking mofa-ffi 
v0.1.0 (C:\Users\Aditya 
RS\mofa\crates\mofa-ffi)
    Checking mofa-cli 
v0.1.0 (C:\Users\Aditya 
RS\mofa\crates\mofa-cli)
error: expected one of 
`!`, `(`, `+`, `::`, `<`, 
`>`, or `as`, found 
`upstream`
   --> crates\mofa-cli\src
\commands\agent\create.rs:
385:17
    |
385 | <<<<<<< Updated 
upstream
    |                 
^^^^^^^^ expected one of 
7 possible tokens

error: expected one of 
`!`, `(`, `+`, `::`, `<`, 
`>`, or `as`, found 
`upstream`
  --> crates\mofa-cli\src\
commands\plugin\install.rs
:51:17
   |
51 | <<<<<<< Updated 
upstream
   |                 
^^^^^^^^ expected one of 
7 possible tokens

error: expected one of 
`!`, `(`, `+`, `::`, `<`, 
`>`, or `as`, found 
`upstream`
   --> crates\mofa-cli\src
\commands\plugin\install.r
s:109:17
    |
109 | <<<<<<< Updated 
upstream
    |                 
^^^^^^^^ expected one of 
7 possible tokens

error: expected one of 
`!`, `(`, `+`, `::`, `<`, 
`>`, or `as`, found 
`upstream`
  --> crates\mofa-cli\src\
commands\run.rs:45:17
   |
45 | <<<<<<< Updated 
upstream
   |                 
^^^^^^^^ expected one of 
7 possible tokens

error[E0308]: mismatched 
types
   --> crates\mofa-monitor
ing\src\dashboard\websocke
t.rs:360:54
    |
360 |                     
    if sender.send(Message
::Text(json)).await.is_err
() {
    |                     
                   
------------- ^^^^ 
expected `Utf8Bytes`, 
found `String`
    |                     
                   |
    |                     
                   
arguments to this enum 
variant are incorrect
    |
note: tuple variant 
defined here
   --> C:\Users\Aditya RS\
.cargo\registry\src\index.
crates.io-1949cf8c6b5b557f
\axum-0.8.8\src\extract\ws
.rs:737:5
    |
737 |     Text(Utf8Bytes),
    |     ^^^^
help: call `Into::into` 
on this expression to 
convert 
`std::string::String` 
into `Utf8Bytes`
    |
360 |                     
    if sender.send(Message
::Text(json.into())).await
.is_err() {
    |                     
                          
           +++++++

error[E0308]: mismatched 
types
   --> crates\mofa-monitor
ing\src\dashboard\websocke
t.rs:369:62
    |
369 | ...                 
  if sender.send(Message::
Text(json)).await.is_err()
 {
    |                     
                 
------------- ^^^^ 
expected `Utf8Bytes`, 
found `String`
    |                     
                 |
    |                     
                 
arguments to this enum 
variant are incorrect
    |
note: tuple variant 
defined here
   --> C:\Users\Aditya RS\
.cargo\registry\src\index.
crates.io-1949cf8c6b5b557f
\axum-0.8.8\src\extract\ws
.rs:737:5
    |
737 |     Text(Utf8Bytes),
    |     ^^^^
help: call `Into::into` 
on this expression to 
convert 
`std::string::String` 
into `Utf8Bytes`
    |
369 |                     
            if sender.send
(Message::Text(json.into()
)).await.is_err() {
    |                     
                          
                   +++++++

error: encountered diff 
marker
   --> crates\mofa-cli\src
\utils\process_manager.rs:
171:1
    |
171 | <<<<<<< Updated 
upstream
    | ^^^^^^^ between 
this marker and `=======` 
is the code that we're 
merging into
...
176 | =======
    | ------- between 
this marker and `>>>>>>>` 
is the incoming code
177 |                 Err(
CliError::StateError(forma
t!("Failed to terminate 
process {}", pid)))
178 | >>>>>>> Stashed 
changes
    | ^^^^^^^ this marker 
concludes the conflict 
region
    |
    = note: conflict 
markers indicate that a 
merge was started but 
could not be completed 
due to merge conflicts
            to resolve a 
conflict, keep only the 
code you want and then 
delete the lines 
containing conflict 
markers
    = help: if you're 
having merge conflicts 
after pulling new code:
            the top 
section is the code you 
already had and the 
bottom section is the 
remote code
            if you're in 
the middle of a rebase:
            the top 
section is the code being 
rebased onto and the 
bottom section is the 
code coming from the 
current commit being 
rebased
    = note: for an 
explanation on these 
markers from the `git` 
documentation:
            visit <https:/
/git-scm.com/book/en/v2/Gi
t-Tools-Advanced-Merging#_
checking_out_conflicts>

error: could not compile 
`mofa-cli` (bin "mofa") 
due to 5 previous errors
warning: build failed, 
waiting for other jobs to 
finish...
For more information 
about this error, try 
`rustc --explain E0308`.
error: could not compile 
`mofa-monitoring` (lib) 
due to 2 previous errors
