cargo :     Checking 
mofa-foundation v0.1.0 
(C:\Users\Aditya RS\mofa\c
rates\mofa-foundation)
At line:1 char:1
+ cargo check -p 
mofa-foundation > 
build_error.log 2>&1
+ ~~~~~~~~~~~~~~~~~~~~~~~~
~~~~~~~~~~~~~~~~~~~~~~~~~~
~~~
    + CategoryInfo        
      : NotSpecified: (   
     Checking mo...ofa-   
 foundation):String) [    
], RemoteException
    + FullyQualifiedError 
   Id : NativeCommandErr  
  or
 
error: encountered diff 
marker
   --> crates\mofa-foundat
ion\src\adapter\descriptor
.rs:138:1
    |
138 | <<<<<<< Updated 
upstream
    | ^^^^^^^ between 
this marker and `=======` 
is the code that we're 
merging into
139 | #[derive(Debug, 
Clone, PartialEq, Eq, 
Serialize, Deserialize, 
Default)]
140 | =======
    | ------- between 
this marker and `>>>>>>>` 
is the incoming code
...
143 | >>>>>>> Stashed 
changes
    | ^^^^^^^ this marker 
concludes the conflict 
region
    |
    = note: conflict 
markers indicate that a 
merge was started but 
could not be completed 
due to merge conflicts
            to resolve a 
conflict, keep only the 
code you want and then 
delete the lines 
containing conflict 
markers
    = help: if you're 
having merge conflicts 
after pulling new code:
            the top 
section is the code you 
already had and the 
bottom section is the 
remote code
            if you're in 
the middle of a rebase:
            the top 
section is the code being 
rebased onto and the 
bottom section is the 
code coming from the 
current commit being 
rebased
    = note: for an 
explanation on these 
markers from the `git` 
documentation:
            visit <https:/
/git-scm.com/book/en/v2/Gi
t-Tools-Advanced-Merging#_
checking_out_conflicts>

error: could not compile 
`mofa-foundation` (lib) 
due to 1 previous error
