cargo :     Checking 
mofa-monitoring v0.1.0 
(C:\Users\Aditya RS\mofa\c
rates\mofa-monitoring)
At line:1 char:1
+ cargo check --workspace 
--color never > 
build_output.txt 2>&1
+ ~~~~~~~~~~~~~~~~~~~~~~~~
~~~~~~~~~~~~~~~~~~~~~~~~~~
~~~~~~~~~~~
    + CategoryInfo        
      : NotSpecified: (   
     Checking mo...ofa-   
 monitoring):String) [    
], RemoteException
    + FullyQualifiedError 
   Id : NativeCommandErr  
  or
 
error[E0308]: mismatched 
types
   --> crates\mofa-monitor
ing\src\dashboard\websocke
t.rs:360:54
    |
360 |                     
    if sender.send(Message
::Text(json)).await.is_err
() {
    |                     
                   
------------- ^^^^ 
expected `Utf8Bytes`, 
found `String`
    |                     
                   |
    |                     
                   
arguments to this enum 
variant are incorrect
    |
note: tuple variant 
defined here
   --> C:\Users\Aditya RS\
.cargo\registry\src\index.
crates.io-1949cf8c6b5b557f
\axum-0.8.8\src\extract\ws
.rs:737:5
    |
737 |     Text(Utf8Bytes),
    |     ^^^^
help: call `Into::into` 
on this expression to 
convert 
`std::string::String` 
into `Utf8Bytes`
    |
360 |                     
    if sender.send(Message
::Text(json.into())).await
.is_err() {
    |                     
                          
           +++++++

error[E0308]: mismatched 
types
   --> crates\mofa-monitor
ing\src\dashboard\websocke
t.rs:369:62
    |
369 | ...                 
  if sender.send(Message::
Text(json)).await.is_err()
 {
    |                     
                 
------------- ^^^^ 
expected `Utf8Bytes`, 
found `String`
    |                     
                 |
    |                     
                 
arguments to this enum 
variant are incorrect
    |
note: tuple variant 
defined here
   --> C:\Users\Aditya RS\
.cargo\registry\src\index.
crates.io-1949cf8c6b5b557f
\axum-0.8.8\src\extract\ws
.rs:737:5
    |
737 |     Text(Utf8Bytes),
    |     ^^^^
help: call `Into::into` 
on this expression to 
convert 
`std::string::String` 
into `Utf8Bytes`
    |
369 |                     
            if sender.send
(Message::Text(json.into()
)).await.is_err() {
    |                     
                          
                   +++++++

For more information 
about this error, try 
`rustc --explain E0308`.
error: could not compile 
`mofa-monitoring` (lib) 
due to 2 previous errors
